
> kronos-platform@0.1.0 build
> next build

   Ôû▓ Next.js 15.2.0
   - Environments: .env.local

   Creating an optimized production build ...
node.exe : Failed to 
compile.
No linha:1 caractere:1
+ & "D:\PROGRAMAS\NodeJ
S/node.exe" "D:\PROGRAM
AS\NodeJS/node_modules/
np ...
+ ~~~~~~~~~~~~~~~~~~~~~
~~~~~~~~~~~~~~~~~~~~~~~
~~~~~~~~~~~~~~~~~~~~~~~
~~
    + CategoryInfo     
         : NotSpecifi  
  ed: (Failed to com   
 pile.:String) [],     
RemoteException
    + FullyQualifiedEr 
   rorId : NativeComm  
  andError
 

./src/app/api/chat/rout
e.ts
Module not found: 
Can't resolve 
'@google/generative-ai'

https://nextjs.org/docs
/messages/module-not-fo
und


> Build failed because 
of webpack errors
